nohup: ignoring input

> marin-pest-control-backend@2.0.0 dev
> tsx watch src/index.ts

node:events:502
      throw er; // Unhandled 'error' event
      ^

Error: EBADF: bad file descriptor, read
Emitted 'error' event on ReadStream instance at:
    at emitErrorNT (node:internal/streams/destroy:169:8)
    at errorOrDestroy (node:internal/streams/destroy:238:7)
    at node:internal/fs/streams:272:9
    at FSReqCallback.wrapper [as oncomplete] (node:fs:683:5) {
  errno: -9,
  code: 'EBADF',
  syscall: 'read'
}

Node.js v20.19.5
npm error Lifecycle script `dev` failed with error:
npm error code 1
npm error path /opt/dashboard/backend
npm error workspace marin-pest-control-backend@2.0.0
npm error location /opt/dashboard/backend
npm error command failed
npm error command sh -c tsx watch src/index.ts
